{
  "before": {
    "baseline": true,
    "seed": 1,
    "minute": 1,
    "wall": 15.58066666676635,
    "startGap": 0.000024744960402128324,
    "maxSpeed": 1.9622548382708649,
    "earlyOwnerChanges": 0,
    "metadataLeak": false,
    "visited": [
      1,
      3,
      4,
      5,
      6,
      7,
      8
    ],
    "phases": [
      {
        "threshold": 0.1,
        "owner": 6,
        "attacker": [
          51.60634863603276,
          46.31708598120823
        ],
        "defender": [
          50.33396646141404,
          48.957385028108376
        ],
        "ball": [
          51.60634863603276,
          46.31708598120823
        ],
        "toeBall": 2.3319406567875314,
        "clearance": 2.23793937029074,
        "winnerGap": 2.23793937029074,
        "contest": null
      },
      {
        "threshold": 0.65,
        "owner": 6,
        "attacker": [
          51.60634863603276,
          46.31708598120823
        ],
        "defender": [
          51.2375279800539,
          47.08241957820702
        ],
        "ball": [
          51.60634863603276,
          46.31708598120823
        ],
        "toeBall": 0.7441137314323243,
        "clearance": 0.6487031043474819,
        "winnerGap": 0.6487031043474819,
        "contest": null
      },
      {
        "threshold": 0.759999,
        "owner": 6,
        "attacker": [
          51.60634863603276,
          46.31708598120823
        ],
        "defender": [
          51.41633813208831,
          46.711373611507575
        ],
        "ball": [
          51.60634863603276,
          46.31708598120823
        ],
        "toeBall": 0.13371270603149715,
        "clearance": 0.33420146558834823,
        "winnerGap": 0.33420146558834823,
        "contest": null
      },
      {
        "threshold": 0.76,
        "owner": 6,
        "attacker": [
          51.60634863603276,
          46.31708598120823
        ],
        "defender": [
          51.41633956469843,
          46.71137063872219
        ],
        "ball": [
          51.60634863603276,
          46.31708598120823
        ],
        "toeBall": 0.13370973542688533,
        "clearance": 0.3341989458307983,
        "winnerGap": 0.3341989458307983,
        "contest": null
      },
      {
        "threshold": 0.91,
        "owner": 6,
        "attacker": [
          51.60634863603276,
          46.31708598120823
        ],
        "defender": [
          51.57644765496483,
          46.3791330087365
        ],
        "ball": [
          51.60634863603276,
          46.31708598120823
        ],
        "toeBall": 0.36685311052544906,
        "clearance": 0.05259157513920803,
        "winnerGap": 0.05259157513920803,
        "contest": null
      },
      {
        "threshold": 0.999999,
        "owner": 6,
        "attacker": [
          51.60634863603276,
          46.31708598120823
        ],
        "defender": [
          51.606348636028834,
          46.31708598121638
        ],
        "ball": [
          51.60634863603276,
          46.31708598120823
        ],
        "toeBall": 0.3735399488686749,
        "clearance": 6.909062774117012e-12,
        "winnerGap": 6.909062774117012e-12,
        "contest": null
      }
    ],
    "boundaries": [
      {
        "from": "enginePositionGap",
        "to": 3,
        "ballStep": 0.00005651937182257063,
        "rootStep": 0.00017911552006971248
      },
      {
        "from": 3,
        "to": 4,
        "ballStep": 0,
        "rootStep": 1.2882689037548714e-12
      },
      {
        "from": 4,
        "to": 5,
        "ballStep": 0,
        "rootStep": 0
      },
      {
        "from": 5,
        "to": 6,
        "ballStep": 0,
        "rootStep": 0
      },
      {
        "from": 6,
        "to": 7,
        "ballStep": 0,
        "rootStep": 0
      },
      {
        "from": 7,
        "to": 8,
        "ballStep": 0,
        "rootStep": 1.1236951638946624e-12
      }
    ],
    "preserved": true
  },
  "after": {
    "baseline": false,
    "seed": 1,
    "minute": 1,
    "wall": 12.060666666766439,
    "startGap": 0.000031848420320473147,
    "maxSpeed": 2.4845263301876743,
    "earlyOwnerChanges": 0,
    "metadataLeak": false,
    "visited": [
      1,
      3,
      6,
      7,
      8
    ],
    "phases": [
      {
        "threshold": 0.1,
        "owner": 6,
        "attacker": [
          51.60634863603276,
          46.31708598120823
        ],
        "defender": [
          50.33090969020945,
          48.925995113208636
        ],
        "ball": [
          51.60634863603276,
          46.31708598120823
        ],
        "toeBall": 2.344286944891427,
        "clearance": 2.222783918390249,
        "winnerGap": 2.222783918390249,
        "contest": {
          "independent": true,
          "decision": "actionMinute",
          "eventId": 3
        }
      },
      {
        "threshold": 0.65,
        "owner": 6,
        "attacker": [
          51.60634863603276,
          46.31708598120823
        ],
        "defender": [
          50.96608809705388,
          46.89455802496269
        ],
        "ball": [
          51.60634863603276,
          46.31708598120823
        ],
        "toeBall": 0.8794115011039857,
        "clearance": 0.7785564251605295,
        "winnerGap": 0.7785564251605295,
        "contest": {
          "independent": true,
          "decision": "actionMinute",
          "eventId": 3
        }
      },
      {
        "threshold": 0.759999,
        "owner": 6,
        "attacker": [
          51.60634863603276,
          46.31708598120823
        ],
        "defender": [
          51.00634863602908,
          46.76579616658449
        ],
        "ball": [
          51.60634863603276,
          46.31708598120823
        ],
        "toeBall": 0.13756816506349978,
        "clearance": 0.7000000000069699,
        "winnerGap": 0.7000000000069699,
        "contest": {
          "independent": true,
          "decision": "actionMinute",
          "eventId": 3
        }
      },
      {
        "threshold": 0.76,
        "owner": "o10",
        "attacker": [
          51.60634863603276,
          46.31708598120823
        ],
        "defender": [
          51.00634863603276,
          46.765796166572706
        ],
        "ball": [
          51.60634863603276,
          46.31708598120823
        ],
        "toeBall": 0.137568164921976,
        "clearance": 0.7,
        "winnerGap": 0.7,
        "contest": {
          "independent": true,
          "decision": "actionMinute",
          "eventId": 5
        }
      },
      {
        "threshold": 0.91,
        "owner": "o10",
        "attacker": [
          51.60634863603276,
          46.31708598120823
        ],
        "defender": [
          51.41650488623251,
          46.45906068814683
        ],
        "ball": [
          51.41650488623251,
          46.45906068814683
        ],
        "toeBall": 0.1375681649219759,
        "clearance": 0.22148437476696192,
        "winnerGap": 0,
        "contest": {
          "independent": true,
          "decision": "actionMinute",
          "eventId": 5
        }
      },
      {
        "threshold": 0.999999,
        "owner": "o10",
        "attacker": [
          51.60634863603276,
          46.31708598120823
        ],
        "defender": [
          51.60634863600152,
          46.3170859812316
        ],
        "ball": [
          51.60634863600152,
          46.3170859812316
        ],
        "toeBall": 0.4928156823713565,
        "clearance": 3.6451137109739116e-11,
        "winnerGap": 0,
        "contest": {
          "independent": true,
          "decision": "actionMinute",
          "eventId": 5
        }
      }
    ],
    "boundaries": [
      {
        "from": "enginePositionGap",
        "to": 3,
        "ballStep": 0.00005651937182257063,
        "rootStep": 0.00017911552006971248
      },
      {
        "from": 3,
        "to": 6,
        "ballStep": 6.797025908029923e-12,
        "rootStep": 6.797025908029923e-12
      },
      {
        "from": 6,
        "to": 7,
        "ballStep": 0,
        "rootStep": 0
      },
      {
        "from": 7,
        "to": 8,
        "ballStep": 0,
        "rootStep": 1.1236951638946624e-12
      }
    ],
    "preserved": true
  }
}
