✔ existing side-camera keeps both approaching contest actors in both portrait fields (2010.845648ms)
✔ real seed1 chains capture pre-placement defender, coalesce duplicated events and preserve outcomes/statistics (3969.249188ms)
✖ contact geometry, clearance, speed and ownership use the single event clock (4.511084ms)
✔ pause and .5/1/2 changes preserve linked approach and contact without replaying press/tackle (154.235566ms)
ℹ tests 4
ℹ suites 0
ℹ pass 3
ℹ fail 1
ℹ cancelled 0
ℹ skipped 0
ℹ todo 0
ℹ duration_ms 4223.011526

✖ failing tests:

test at tests/match3d-contest.test.cjs:8:1
✖ contact geometry, clearance, speed and ownership use the single event clock (4.511084ms)
  AssertionError [ERR_ASSERTION]: The expression evaluated to a falsy value:
  
    assert.ok(settled.clearance> (r.keepsBall?4:.9))
  
      at TestContext.<anonymous> (/workspace/scratch/8bd0598b1055/ManagerStory-3I/tests/match3d-contest.test.cjs:11:39)
      at async Test.run (node:internal/test_runner/test:1389:7)
      at async Test.processPendingSubtests (node:internal/test_runner/test:960:7) {
    generatedMessage: true,
    code: 'ERR_ASSERTION',
    actual: false,
    expected: true,
    operator: '==',
    diff: 'simple'
  }
