{
  "before": {
    "baseline": true,
    "seed": 1,
    "minute": 3,
    "wall": 25.85842199982592,
    "startGap": 0.000031848420320473147,
    "minSeparation": 0,
    "maxSpeed": 4.646510321076133,
    "earlyOwnerChanges": 45,
    "metadataLeak": false,
    "visited": [
      1,
      3,
      6,
      7,
      8,
      9,
      10,
      12,
      15
    ],
    "phases": [
      {
        "eventId": 3,
        "threshold": 0.1,
        "owner": 6,
        "attacker": [
          51.60634863603276,
          46.31708598120823
        ],
        "defender": [
          50.33090969020945,
          48.925995113208636
        ],
        "ball": [
          51.60634863603276,
          46.31708598120823
        ],
        "toeBall": 2.344286944891427,
        "clearance": 2.222783918390249,
        "winnerGap": 2.222783918390249,
        "contest": {
          "independent": true,
          "decision": "actionMinute",
          "eventId": 3
        }
      },
      {
        "eventId": 3,
        "threshold": 0.65,
        "owner": 6,
        "attacker": [
          51.60634863603276,
          46.31708598120823
        ],
        "defender": [
          50.96608809705388,
          46.89455802496269
        ],
        "ball": [
          51.60634863603276,
          46.31708598120823
        ],
        "toeBall": 0.8794115011039857,
        "clearance": 0.7785564251605295,
        "winnerGap": 0.7785564251605295,
        "contest": {
          "independent": true,
          "decision": "actionMinute",
          "eventId": 3
        }
      },
      {
        "eventId": 3,
        "threshold": 0.759999,
        "owner": 6,
        "attacker": [
          51.60634863603276,
          46.31708598120823
        ],
        "defender": [
          51.00634863602908,
          46.76579616658449
        ],
        "ball": [
          51.60634863603276,
          46.31708598120823
        ],
        "toeBall": 0.13756816506349978,
        "clearance": 0.7000000000069699,
        "winnerGap": 0.7000000000069699,
        "contest": {
          "independent": true,
          "decision": "actionMinute",
          "eventId": 3
        }
      },
      {
        "eventId": 3,
        "threshold": 0.76,
        "owner": "o10",
        "attacker": [
          51.60634863603276,
          46.31708598120823
        ],
        "defender": [
          51.00634863603276,
          46.765796166572706
        ],
        "ball": [
          51.60634863603276,
          46.31708598120823
        ],
        "toeBall": 0.137568164921976,
        "clearance": 0.7,
        "winnerGap": 0.7,
        "contest": {
          "independent": true,
          "decision": "actionMinute",
          "eventId": 5
        }
      },
      {
        "eventId": 3,
        "threshold": 0.91,
        "owner": "o10",
        "attacker": [
          51.60634863603276,
          46.31708598120823
        ],
        "defender": [
          51.41650488623251,
          46.45906068814683
        ],
        "ball": [
          51.41650488623251,
          46.45906068814683
        ],
        "toeBall": 0.1375681649219759,
        "clearance": 0.22148437476696192,
        "winnerGap": 0,
        "contest": {
          "independent": true,
          "decision": "actionMinute",
          "eventId": 5
        }
      },
      {
        "eventId": 3,
        "threshold": 0.999999,
        "owner": "o10",
        "attacker": [
          51.60634863603276,
          46.31708598120823
        ],
        "defender": [
          51.60634863600152,
          46.3170859812316
        ],
        "ball": [
          51.60634863600152,
          46.3170859812316
        ],
        "toeBall": 0.4928156823713565,
        "clearance": 3.6451137109739116e-11,
        "winnerGap": 0,
        "contest": {
          "independent": true,
          "decision": "actionMinute",
          "eventId": 5
        }
      },
      {
        "eventId": 6,
        "threshold": 0.1,
        "owner": "o10",
        "attacker": [
          51.60634863603276,
          46.31708598120823
        ],
        "defender": [
          51.60634863603276,
          46.31708598120823
        ],
        "ball": [
          51.60634863603276,
          46.31708598120823
        ],
        "toeBall": 0.49281568253816255,
        "clearance": 0,
        "winnerGap": 0,
        "contest": null
      },
      {
        "eventId": 6,
        "threshold": 0.65,
        "owner": "o10",
        "attacker": [
          51.60634863603276,
          46.31708598120823
        ],
        "defender": [
          51.60634863603276,
          46.31708598120823
        ],
        "ball": [
          51.60634863603276,
          46.31708598120823
        ],
        "toeBall": 0.49281568253816255,
        "clearance": 0,
        "winnerGap": 0,
        "contest": null
      },
      {
        "eventId": 6,
        "threshold": 0.759999,
        "owner": "o10",
        "attacker": [
          51.60634863603276,
          46.31708598120823
        ],
        "defender": [
          51.60634863603276,
          46.31708598120823
        ],
        "ball": [
          51.60634863603276,
          46.31708598120823
        ],
        "toeBall": 0.49281568253816255,
        "clearance": 0,
        "winnerGap": 0,
        "contest": null
      },
      {
        "eventId": 6,
        "threshold": 0.76,
        "owner": "o10",
        "attacker": [
          51.60634863603276,
          46.31708598120823
        ],
        "defender": [
          51.60634863603276,
          46.31708598120823
        ],
        "ball": [
          51.60634863603276,
          46.31708598120823
        ],
        "toeBall": 0.49281568253816255,
        "clearance": 0,
        "winnerGap": 0,
        "contest": null
      },
      {
        "eventId": 6,
        "threshold": 0.91,
        "owner": "o10",
        "attacker": [
          51.60634863603276,
          46.31708598120823
        ],
        "defender": [
          51.60634863603276,
          46.31708598120823
        ],
        "ball": [
          51.60634863603276,
          46.31708598120823
        ],
        "toeBall": 0.49281568253816255,
        "clearance": 0,
        "winnerGap": 0,
        "contest": null
      },
      {
        "eventId": 6,
        "threshold": 0.999999,
        "owner": "o10",
        "attacker": [
          51.60634863603276,
          46.31708598120823
        ],
        "defender": [
          51.60634863603276,
          46.31708598120823
        ],
        "ball": [
          51.60634863603276,
          46.31708598120823
        ],
        "toeBall": 0.49281568253816255,
        "clearance": 0,
        "winnerGap": 0,
        "contest": null
      },
      {
        "eventId": 7,
        "threshold": 0.1,
        "owner": null,
        "attacker": [
          51.60634863603276,
          46.31708598120823
        ],
        "defender": [
          51.60634863603276,
          46.31708598120823
        ],
        "ball": [
          51.60634863603276,
          46.31708598120823
        ],
        "toeBall": 0.49281568253816255,
        "clearance": 0,
        "winnerGap": 0,
        "contest": null
      },
      {
        "eventId": 7,
        "threshold": 0.65,
        "owner": null,
        "attacker": [
          51.60634863603276,
          46.31708598120823
        ],
        "defender": [
          51.60634863603276,
          46.31708598120823
        ],
        "ball": [
          51.60634863603276,
          46.31708598120823
        ],
        "toeBall": 0.49281568253816255,
        "clearance": 0,
        "winnerGap": 0,
        "contest": null
      },
      {
        "eventId": 7,
        "threshold": 0.759999,
        "owner": null,
        "attacker": [
          51.60634863603276,
          46.31708598120823
        ],
        "defender": [
          51.60634863603276,
          46.31708598120823
        ],
        "ball": [
          51.60634863603276,
          46.31708598120823
        ],
        "toeBall": 0.49281568253816255,
        "clearance": 0,
        "winnerGap": 0,
        "contest": null
      },
      {
        "eventId": 7,
        "threshold": 0.76,
        "owner": null,
        "attacker": [
          51.60634863603276,
          46.31708598120823
        ],
        "defender": [
          51.60634863603276,
          46.31708598120823
        ],
        "ball": [
          51.60634863603276,
          46.31708598120823
        ],
        "toeBall": 0.49281568253816255,
        "clearance": 0,
        "winnerGap": 0,
        "contest": null
      },
      {
        "eventId": 7,
        "threshold": 0.91,
        "owner": null,
        "attacker": [
          51.60634863603276,
          46.31708598120823
        ],
        "defender": [
          51.60634863603276,
          46.31708598120823
        ],
        "ball": [
          51.60634863603276,
          46.31708598120823
        ],
        "toeBall": 0.49281568253816255,
        "clearance": 0,
        "winnerGap": 0,
        "contest": null
      },
      {
        "eventId": 7,
        "threshold": 0.999999,
        "owner": null,
        "attacker": [
          51.60634863603276,
          46.31708598120823
        ],
        "defender": [
          51.60634863603276,
          46.31708598120823
        ],
        "ball": [
          51.60634863603276,
          46.31708598120823
        ],
        "toeBall": 0.49281568253816255,
        "clearance": 0,
        "winnerGap": 0,
        "contest": null
      },
      {
        "eventId": 8,
        "threshold": 0.1,
        "owner": null,
        "attacker": [
          51.60634863603276,
          46.31708598120823
        ],
        "defender": [
          51.521912769142034,
          46.329122022144986
        ],
        "ball": [
          51.60634863603276,
          46.31708598120823
        ],
        "toeBall": 0.41472148394460573,
        "clearance": 0.08903463869149801,
        "winnerGap": 0,
        "contest": null
      },
      {
        "eventId": 8,
        "threshold": 0.65,
        "owner": null,
        "attacker": [
          51.60634863603276,
          46.31708598120823
        ],
        "defender": [
          49.925547162090055,
          46.55667842091292
        ],
        "ball": [
          51.60634863603276,
          46.31708598120823
        ],
        "toeBall": 0.10108749601854662,
        "clearance": 1.7723457750281877,
        "winnerGap": 0,
        "contest": null
      },
      {
        "eventId": 8,
        "threshold": 0.759999,
        "owner": null,
        "attacker": [
          51.60634863603276,
          46.31708598120823
        ],
        "defender": [
          49.82436214216121,
          46.57110199571467
        ],
        "ball": [
          51.60634863603276,
          46.31708598120823
        ],
        "toeBall": 0.13756816490986407,
        "clearance": 1.8790418038853935,
        "winnerGap": 0,
        "contest": null
      },
      {
        "eventId": 8,
        "threshold": 0.76,
        "owner": 6,
        "attacker": [
          51.60634863603276,
          46.31708598120823
        ],
        "defender": [
          49.82436214215196,
          46.57110199571599
        ],
        "ball": [
          51.60634863603276,
          46.31708598120823
        ],
        "toeBall": 0.1375681649219759,
        "clearance": 1.8790418038951486,
        "winnerGap": 0,
        "contest": null
      },
      {
        "eventId": 8,
        "threshold": 0.91,
        "owner": 6,
        "attacker": [
          51.60634863603276,
          46.31708598120823
        ],
        "defender": [
          49.82436214215196,
          46.57110199571599
        ],
        "ball": [
          51.60634863603276,
          46.31708598120823
        ],
        "toeBall": 0.1375681649219759,
        "clearance": 1.8790418038951486,
        "winnerGap": 0,
        "contest": null
      },
      {
        "eventId": 8,
        "threshold": 0.999999,
        "owner": 6,
        "attacker": [
          51.60634863603276,
          46.31708598120823
        ],
        "defender": [
          49.82436214215196,
          46.57110199571599
        ],
        "ball": [
          51.60634863603276,
          46.31708598120823
        ],
        "toeBall": 0.10108565635628006,
        "clearance": 1.8790418038951486,
        "winnerGap": 0,
        "contest": null
      }
    ],
    "boundaries": [
      {
        "from": "enginePositionGap",
        "to": 3,
        "ballStep": 0.00005651937182257063,
        "rootStep": 0.00017911552006971248
      },
      {
        "from": 3,
        "to": 6,
        "ballStep": 6.797025908029923e-12,
        "rootStep": 6.797025908029923e-12
      },
      {
        "from": 6,
        "to": 7,
        "ballStep": 0,
        "rootStep": 0
      },
      {
        "from": 7,
        "to": 8,
        "ballStep": 0,
        "rootStep": 1.1236951638946624e-12
      },
      {
        "from": 8,
        "ballStep": 0,
        "rootStep": 0
      },
      {
        "from": "enginePositionGap",
        "to": 9,
        "ballStep": 0.000016514491061658565,
        "rootStep": 0.00004873112806200435
      },
      {
        "from": 9,
        "to": 10,
        "ballStep": 0,
        "rootStep": 0
      },
      {
        "from": 10,
        "ballStep": 0,
        "rootStep": 0
      },
      {
        "from": "enginePositionGap",
        "to": 12,
        "ballStep": 0.0000882082855901412,
        "rootStep": 0.00012746263183314142
      },
      {
        "from": 12,
        "to": 15,
        "ballStep": 6.7857097639970156e-12,
        "rootStep": 6.783598779334053e-12
      }
    ],
    "preserved": true
  },
  "after": {
    "baseline": false,
    "seed": 1,
    "minute": 3,
    "wall": 28.83427709796235,
    "startGap": 0.00001410479847896447,
    "minSeparation": 0.7,
    "maxSpeed": 3.0913402814000683,
    "earlyOwnerChanges": 0,
    "metadataLeak": false,
    "visited": [
      1,
      3,
      6,
      7,
      8,
      9,
      10,
      12,
      15
    ],
    "phases": [
      {
        "eventId": 3,
        "threshold": 0.1,
        "owner": 6,
        "attacker": [
          51.60634863603276,
          46.31708598120823
        ],
        "defender": [
          50.33090969019729,
          48.92599511324754
        ],
        "ball": [
          51.60634863603276,
          46.31708598120823
        ],
        "toeBall": 2.2979220950277788,
        "clearance": 2.2227839184190574,
        "winnerGap": 2.2227839184190574,
        "contest": {
          "independent": true,
          "decision": "actionMinute",
          "eventId": 3
        }
      },
      {
        "eventId": 3,
        "threshold": 0.65,
        "owner": 6,
        "attacker": [
          51.60634863603276,
          46.31708598120823
        ],
        "defender": [
          50.966088097040696,
          46.89455802500484
        ],
        "ball": [
          51.60634863603276,
          46.31708598120823
        ],
        "toeBall": 0.8789572272253173,
        "clearance": 0.778556425186936,
        "winnerGap": 0.778556425186936,
        "contest": {
          "independent": true,
          "decision": "actionMinute",
          "eventId": 3
        }
      },
      {
        "eventId": 3,
        "threshold": 0.759999,
        "owner": 6,
        "attacker": [
          51.60634863603276,
          46.31708598120823
        ],
        "defender": [
          51.00634863602908,
          46.76579616658449
        ],
        "ball": [
          51.60634863603276,
          46.31708598120823
        ],
        "toeBall": 0.13756816506337613,
        "clearance": 0.7000000000069699,
        "winnerGap": 0.7000000000069699,
        "contest": {
          "independent": true,
          "decision": "actionMinute",
          "eventId": 3
        }
      },
      {
        "eventId": 3,
        "threshold": 0.76,
        "owner": "o10",
        "attacker": [
          51.60634863603276,
          46.31708598120823
        ],
        "defender": [
          51.00634863603276,
          46.765796166572706
        ],
        "ball": [
          51.60634863603276,
          46.31708598120823
        ],
        "toeBall": 0.137568164921976,
        "clearance": 0.7,
        "winnerGap": 0.7,
        "contest": {
          "independent": true,
          "decision": "actionMinute",
          "eventId": 5
        }
      },
      {
        "eventId": 3,
        "threshold": 0.91,
        "owner": "o10",
        "attacker": [
          52.104395511194134,
          45.9446214717518
        ],
        "defender": [
          51.416504886165654,
          46.45906068819682
        ],
        "ball": [
          51.416504886165654,
          46.45906068819682
        ],
        "toeBall": 0.1375681649219759,
        "clearance": 0.8025390625332236,
        "winnerGap": 0,
        "contest": {
          "independent": true,
          "decision": "actionMinute",
          "eventId": 5
        }
      },
      {
        "eventId": 3,
        "threshold": 0.999999,
        "owner": "o10",
        "attacker": [
          52.33492006456625,
          45.77222361329403
        ],
        "defender": [
          51.60634863600151,
          46.3170859812316
        ],
        "ball": [
          51.60634863600151,
          46.3170859812316
        ],
        "toeBall": 0.4953413830557452,
        "clearance": 0.8499999999921873,
        "winnerGap": 0,
        "contest": {
          "independent": true,
          "decision": "actionMinute",
          "eventId": 5
        }
      },
      {
        "eventId": 6,
        "threshold": 0.1,
        "owner": "o10",
        "attacker": [
          52.33492006460419,
          45.77222361326565
        ],
        "defender": [
          51.60634863603276,
          46.31708598120823
        ],
        "ball": [
          51.60634863603276,
          46.31708598120823
        ],
        "toeBall": 0.1897752223424257,
        "clearance": 0.8499999999999973,
        "winnerGap": 0,
        "contest": null
      },
      {
        "eventId": 6,
        "threshold": 0.65,
        "owner": "o10",
        "attacker": [
          52.33492006460419,
          45.77222361326565
        ],
        "defender": [
          51.60634863603276,
          46.31708598120823
        ],
        "ball": [
          51.60634863603276,
          46.31708598120823
        ],
        "toeBall": 0.13756816492197577,
        "clearance": 0.8499999999999973,
        "winnerGap": 0,
        "contest": null
      },
      {
        "eventId": 6,
        "threshold": 0.759999,
        "owner": "o10",
        "attacker": [
          52.33492006460419,
          45.77222361326565
        ],
        "defender": [
          51.60634863603276,
          46.31708598120823
        ],
        "ball": [
          51.60634863603276,
          46.31708598120823
        ],
        "toeBall": 0.13756816492197577,
        "clearance": 0.8499999999999973,
        "winnerGap": 0,
        "contest": null
      },
      {
        "eventId": 6,
        "threshold": 0.76,
        "owner": null,
        "attacker": [
          52.33492006460419,
          45.77222361326565
        ],
        "defender": [
          51.60634863603276,
          46.31708598120823
        ],
        "ball": [
          51.60634863603276,
          46.31708598120823
        ],
        "toeBall": 0.13756816492197577,
        "clearance": 0.8499999999999973,
        "winnerGap": 0,
        "contest": null
      },
      {
        "eventId": 6,
        "threshold": 0.91,
        "owner": null,
        "attacker": [
          52.33492006460419,
          45.77222361326565
        ],
        "defender": [
          51.10830176087139,
          46.68955049066466
        ],
        "ball": [
          51.60634863603276,
          46.31708598120823
        ],
        "toeBall": 0.3586055298258295,
        "clearance": 1.4310546876882626,
        "winnerGap": 0.5810546876882652,
        "contest": null
      },
      {
        "eventId": 6,
        "threshold": 0.999999,
        "owner": null,
        "attacker": [
          52.33492006460419,
          45.77222361326565
        ],
        "defender": [
          50.87777720749928,
          46.861948349122436
        ],
        "ball": [
          51.60634863603276,
          46.31708598120823
        ],
        "toeBall": 1.172924941772361,
        "clearance": 1.699999999955729,
        "winnerGap": 0.8499999999557316,
        "contest": null
      },
      {
        "eventId": 7,
        "threshold": 0.1,
        "owner": null,
        "attacker": [
          52.33492006460419,
          45.77222361326565
        ],
        "defender": [
          50.877777207461335,
          46.86194834915081
        ],
        "ball": [
          51.60634863603276,
          46.31708598120823
        ],
        "toeBall": 1.1729249418401742,
        "clearance": 1.6999999999999946,
        "winnerGap": 0.8499999999999973,
        "contest": null
      },
      {
        "eventId": 7,
        "threshold": 0.65,
        "owner": null,
        "attacker": [
          52.33492006460419,
          45.77222361326565
        ],
        "defender": [
          50.877777207461335,
          46.86194834915081
        ],
        "ball": [
          51.60634863603276,
          46.31708598120823
        ],
        "toeBall": 1.1729249418401742,
        "clearance": 1.6999999999999946,
        "winnerGap": 0.8499999999999973,
        "contest": null
      },
      {
        "eventId": 7,
        "threshold": 0.759999,
        "owner": null,
        "attacker": [
          52.33492006460419,
          45.77222361326565
        ],
        "defender": [
          50.877777207461335,
          46.86194834915081
        ],
        "ball": [
          51.60634863603276,
          46.31708598120823
        ],
        "toeBall": 1.1729249418401742,
        "clearance": 1.6999999999999946,
        "winnerGap": 0.8499999999999973,
        "contest": null
      },
      {
        "eventId": 7,
        "threshold": 0.76,
        "owner": null,
        "attacker": [
          52.33492006460419,
          45.77222361326565
        ],
        "defender": [
          50.877777207461335,
          46.86194834915081
        ],
        "ball": [
          51.60634863603276,
          46.31708598120823
        ],
        "toeBall": 1.1729249418401742,
        "clearance": 1.6999999999999946,
        "winnerGap": 0.8499999999999973,
        "contest": null
      },
      {
        "eventId": 7,
        "threshold": 0.91,
        "owner": null,
        "attacker": [
          52.33492006460419,
          45.77222361326565
        ],
        "defender": [
          50.877777207461335,
          46.86194834915081
        ],
        "ball": [
          51.60634863603276,
          46.31708598120823
        ],
        "toeBall": 1.1729249418401742,
        "clearance": 1.6999999999999946,
        "winnerGap": 0.8499999999999973,
        "contest": null
      },
      {
        "eventId": 7,
        "threshold": 0.999999,
        "owner": null,
        "attacker": [
          52.33492006460419,
          45.77222361326565
        ],
        "defender": [
          50.877777207461335,
          46.86194834915081
        ],
        "ball": [
          51.60634863603276,
          46.31708598120823
        ],
        "toeBall": 1.1729249418401742,
        "clearance": 1.6999999999999946,
        "winnerGap": 0.8499999999999973,
        "contest": null
      },
      {
        "eventId": 8,
        "threshold": 0.1,
        "owner": null,
        "attacker": [
          52.30039816425945,
          45.7980408271037
        ],
        "defender": [
          50.813741340594184,
          46.85872824377236
        ],
        "ball": [
          51.60634863603276,
          46.31708598120823
        ],
        "toeBall": 0.7110220029800415,
        "clearance": 1.7195683931087127,
        "winnerGap": 0.8097244495977958,
        "contest": null
      },
      {
        "eventId": 8,
        "threshold": 0.65,
        "owner": null,
        "attacker": [
          51.64771848635753,
          46.28614752586201
        ],
        "defender": [
          49.72027216213815,
          46.71019339304999
        ],
        "ball": [
          51.60634863603276,
          46.31708598120823
        ],
        "toeBall": 0.17203511648626,
        "clearance": 2.0442573952288243,
        "winnerGap": 0.048264825378899257,
        "contest": null
      },
      {
        "eventId": 8,
        "threshold": 0.759999,
        "owner": null,
        "attacker": [
          51.60634863603655,
          46.3170859812054
        ],
        "defender": [
          49.718607744843155,
          46.65019045442083
        ],
        "ball": [
          51.60634863603276,
          46.31708598120823
        ],
        "toeBall": 0.1375681648719905,
        "clearance": 1.9950284222897452,
        "winnerGap": 4.41711983246862e-12,
        "contest": null
      },
      {
        "eventId": 8,
        "threshold": 0.76,
        "owner": 6,
        "attacker": [
          51.60634863603276,
          46.31708598120823
        ],
        "defender": [
          49.71860854218361,
          46.65018985812393
        ],
        "ball": [
          51.60634863603276,
          46.31708598120823
        ],
        "toeBall": 0.1375681649219759,
        "clearance": 1.9950275444542689,
        "winnerGap": 0,
        "contest": null
      },
      {
        "eventId": 8,
        "threshold": 0.91,
        "owner": 6,
        "attacker": [
          51.60634863603276,
          46.31708598120823
        ],
        "defender": [
          49.80772011359474,
          46.58354774191391
        ],
        "ball": [
          51.60634863603276,
          46.31708598120823
        ],
        "toeBall": 0.1375681649219759,
        "clearance": 1.8972321797700242,
        "winnerGap": 0,
        "contest": null
      },
      {
        "eventId": 8,
        "threshold": 0.999999,
        "owner": 6,
        "attacker": [
          51.60634863603276,
          46.31708598120823
        ],
        "defender": [
          49.82436214214977,
          46.571101995717626
        ],
        "ball": [
          51.60634863603276,
          46.31708598120823
        ],
        "toeBall": 0.2504272035269648,
        "clearance": 1.879041803897539,
        "winnerGap": 0,
        "contest": null
      }
    ],
    "boundaries": [
      {
        "from": "enginePositionGap",
        "to": 3,
        "ballStep": 0.00005651937182257063,
        "rootStep": 0.00017911552006971248
      },
      {
        "from": 3,
        "to": 6,
        "ballStep": 2.1699231789627068e-12,
        "rootStep": 2.629788721017709e-12
      },
      {
        "from": 6,
        "to": 7,
        "ballStep": 0,
        "rootStep": 2.629788721017709e-12
      },
      {
        "from": 7,
        "to": 8,
        "ballStep": 0,
        "rootStep": 6.791986135750393e-13
      },
      {
        "from": 8,
        "ballStep": 0,
        "rootStep": 1.0835776720341528e-13
      },
      {
        "from": "enginePositionGap",
        "to": 9,
        "ballStep": 0.000016514491061658565,
        "rootStep": 0.00004873112806200435
      },
      {
        "from": 9,
        "to": 10,
        "ballStep": 0,
        "rootStep": 0
      },
      {
        "from": 10,
        "ballStep": 0,
        "rootStep": 0
      },
      {
        "from": "enginePositionGap",
        "to": 12,
        "ballStep": 0.0000882082855901412,
        "rootStep": 0.00012746263183314142
      },
      {
        "from": 12,
        "to": 15,
        "ballStep": 2.1586068272229603e-12,
        "rootStep": 2.603323571092625e-12
      }
    ],
    "preserved": true
  }
}
